analytics diagnostics | rows=3 malformed=0 duplicates=0 out_of_period=0 rule_mismatch=0
{
  "draws": 3,
  "frequency": [
    {"number": 1, "count": 3, "percentage": 100.0000},
    {"number": 2, "count": 2, "percentage": 66.6667},
    {"number": 3, "count": 1, "percentage": 33.3333},
    {"number": 4, "count": 1, "percentage": 33.3333},
    {"number": 5, "count": 1, "percentage": 33.3333},
    {"number": 6, "count": 1, "percentage": 33.3333},
    {"number": 7, "count": 1, "percentage": 33.3333},
    {"number": 8, "count": 1, "percentage": 33.3333},
    {"number": 9, "count": 1, "percentage": 33.3333},
    {"number": 10, "count": 1, "percentage": 33.3333},
    {"number": 11, "count": 1, "percentage": 33.3333},
    {"number": 12, "count": 1, "percentage": 33.3333},
    {"number": 13, "count": 1, "percentage": 33.3333},
    {"number": 14, "count": 1, "percentage": 33.3333},
    {"number": 15, "count": 1, "percentage": 33.3333},
    {"number": 16, "count": 0, "percentage": 0.0000},
    {"number": 17, "count": 0, "percentage": 0.0000},
    {"number": 18, "count": 0, "percentage": 0.0000},
    {"number": 19, "count": 0, "percentage": 0.0000},
    {"number": 20, "count": 0, "percentage": 0.0000},
    {"number": 21, "count": 0, "percentage": 0.0000},
    {"number": 22, "count": 0, "percentage": 0.0000},
    {"number": 23, "count": 0, "percentage": 0.0000},
    {"number": 24, "count": 0, "percentage": 0.0000},
    {"number": 25, "count": 0, "percentage": 0.0000},
    {"number": 26, "count": 0, "percentage": 0.0000},
    {"number": 27, "count": 0, "percentage": 0.0000},
    {"number": 28, "count": 0, "percentage": 0.0000},
    {"number": 29, "count": 0, "percentage": 0.0000},
    {"number": 30, "count": 0, "percentage": 0.0000},
    {"number": 31, "count": 0, "percentage": 0.0000},
    {"number": 32, "count": 0, "percentage": 0.0000},
    {"number": 33, "count": 0, "percentage": 0.0000},
    {"number": 34, "count": 0, "percentage": 0.0000},
    {"number": 35, "count": 0, "percentage": 0.0000},
    {"number": 36, "count": 0, "percentage": 0.0000},
    {"number": 37, "count": 0, "percentage": 0.0000},
    {"number": 38, "count": 0, "percentage": 0.0000},
    {"number": 39, "count": 0, "percentage": 0.0000},
    {"number": 40, "count": 0, "percentage": 0.0000},
    {"number": 41, "count": 0, "percentage": 0.0000},
    {"number": 42, "count": 0, "percentage": 0.0000},
    {"number": 43, "count": 0, "percentage": 0.0000},
    {"number": 44, "count": 0, "percentage": 0.0000},
    {"number": 45, "count": 0, "percentage": 0.0000},
    {"number": 46, "count": 0, "percentage": 0.0000},
    {"number": 47, "count": 0, "percentage": 0.0000},
    {"number": 48, "count": 0, "percentage": 0.0000},
    {"number": 49, "count": 0, "percentage": 0.0000}
  ]
}
